###############################################################################
#
# IAR C/C++ Compiler V8.10.3.1851/W64 for Microchip AVR   06/Jul/2026  21:36:43
# Copyright 1996-2025 IAR Systems AB.
# Evaluation license - IAR Embedded Workbench for Microchip AVR, Evaluation Version 8.10
#
#    Source file           =
#        D:\Mircea\Marqurdt\summer-internship\Week1\Goal2\task211.c
#    Command line          =
#        -f
#        D:\Mircea\Marqurdt\summer-internship\Week1\Goal2\Debug\Obj\task211.r90.rsp
#        (D:\Mircea\Marqurdt\summer-internship\Week1\Goal2\task211.c
#        --cpu=m324pb -ms -o
#        D:\Mircea\Marqurdt\summer-internship\Week1\Goal2\Debug\Obj\
#        --preprocess
#        D:\Mircea\Marqurdt\summer-internship\Week1\Goal2\Debug\List\ -lCN
#        D:\Mircea\Marqurdt\summer-internship\Week1\Goal2\Debug\List\
#        --initializers_in_flash --no_cse --no_inline --no_code_motion
#        --no_cross_call --no_clustering --no_tbaa --debug -e --eeprom_size
#        1024 --dlib --dlib_config DLib_Config_Normal.h -On) --dependencies=n
#        D:\Mircea\Marqurdt\summer-internship\Week1\Goal2\Debug\Obj\task211.r90.iar_deps
#    Locale                =  C
#    List file             =
#        D:\Mircea\Marqurdt\summer-internship\Week1\Goal2\Debug\List\task211.lst
#    Object file           =
#        D:\Mircea\Marqurdt\summer-internship\Week1\Goal2\Debug\Obj\task211.r90
#    Runtime model:           
#      __64bit_doubles     =  disabled
#      __SystemLibrary     =  DLib
#      __architecture      =  *
#      __cpu               =  3
#      __cpu_name          =  ATmega324PB
#      __enhanced_core     =  enabled
#      __enhanced_core_mul =  enabled
#      __has_elpm          =  false
#      __memory_model      =  2
#      __mex               =  disabled
#      __rt_version        =  3
#      __vtable_memory     =  __nearflash
#
###############################################################################

D:\Mircea\Marqurdt\summer-internship\Week1\Goal2\task211.c
      1          #include "iom324pb.h"
      2          

   \                                 In  segment CODE, align 2, keep-with-next
      3          void main(void){
   \                     main:
      4            while(1){
   \                     ??main_0:
   \   00000000   CFFF               RJMP    ??main_0
      5            }
      6          }

   Maximum stack usage in bytes:

   RSTACK Function
   ------ --------
      2   main


   Segment part sizes:

   Bytes  Function/Label
   -----  --------------
       2  main

 
 2 bytes in segment CODE
 
 2 bytes of CODE memory

Errors: none
Warnings: none
