###############################################################################
#
# IAR C/C++ Compiler V8.10.3.1851/W64 for Microchip AVR   07/Jul/2026  13:52:47
# Copyright 1996-2025 IAR Systems AB.
# Evaluation license - IAR Embedded Workbench for Microchip AVR, Evaluation Version 8.10
#
#    Source file           =
#        C:\Users\Stefan\summer-internship\W1G1\IAR_Exercises\main.c
#    Command line          =
#        -f
#        C:\Users\Stefan\summer-internship\W1G1\IAR_Exercises\Debug\Obj\main.r90.rsp
#        (C:\Users\Stefan\summer-internship\W1G1\IAR_Exercises\main.c
#        --cpu=m324pb -ms -o
#        C:\Users\Stefan\summer-internship\W1G1\IAR_Exercises\Debug\Obj\
#        --preprocess
#        C:\Users\Stefan\summer-internship\W1G1\IAR_Exercises\Debug\List\ -lCN
#        C:\Users\Stefan\summer-internship\W1G1\IAR_Exercises\Debug\List\
#        --initializers_in_flash --no_cse --no_inline --no_code_motion
#        --no_cross_call --no_clustering --no_tbaa --debug -e
#        --no_system_include --eeprom_size 1024 --dlib --dlib_config
#        DLib_Config_Normal.h -On) --dependencies=n
#        C:\Users\Stefan\summer-internship\W1G1\IAR_Exercises\Debug\Obj\main.r90.iar_deps
#    Locale                =  C
#    List file             =
#        C:\Users\Stefan\summer-internship\W1G1\IAR_Exercises\Debug\List\main.lst
#    Object file           =
#        C:\Users\Stefan\summer-internship\W1G1\IAR_Exercises\Debug\Obj\main.r90
#    Runtime model:           
#      __64bit_doubles     =  disabled
#      __SystemLibrary     =  DLib
#      __architecture      =  *
#      __cpu               =  3
#      __cpu_name          =  ATmega324PB
#      __enhanced_core     =  enabled
#      __enhanced_core_mul =  enabled
#      __has_elpm          =  false
#      __memory_model      =  2
#      __mex               =  disabled
#      __rt_version        =  3
#      __vtable_memory     =  __nearflash
#
###############################################################################

C:\Users\Stefan\summer-internship\W1G1\IAR_Exercises\main.c
      1          #define MAX 10

   \                                 In  segment CODE, align 2, keep-with-next
      2          void main (void)
   \                     main:
      3          {
      4          int x=2;
   \   00000000   E022               LDI     R18, 2
   \   00000002   E030               LDI     R19, 0
      5          #define MAX 55
      6          x=MAX;
   \   00000004   E307               LDI     R16, 55
   \   00000006   E010               LDI     R17, 0
      7          }
   \   00000008   9508               RET

   Maximum stack usage in bytes:

   RSTACK Function
   ------ --------
      2   main


   Segment part sizes:

   Bytes  Function/Label
   -----  --------------
      10  main

 
 10 bytes in segment CODE
 
 10 bytes of CODE memory

Errors: none
Warnings: 2
