###############################################################################
#
# IAR C/C++ Compiler V8.10.3.1851/W64 for Microchip AVR   07/Jul/2026  14:23:33
# Copyright 1996-2025 IAR Systems AB.
# Evaluation license - IAR Embedded Workbench for Microchip AVR, Evaluation Version 8.10
#
#    Source file           =
#        C:\Users\Stefan\summer-internship\W1G1\IAR_Exercises\main.c
#    Command line          =
#        -f
#        C:\Users\Stefan\summer-internship\W1G1\IAR_Exercises\Debug\Obj\main.r90.rsp
#        (C:\Users\Stefan\summer-internship\W1G1\IAR_Exercises\main.c
#        --cpu=m324pb -ms -o
#        C:\Users\Stefan\summer-internship\W1G1\IAR_Exercises\Debug\Obj\
#        --preprocess
#        C:\Users\Stefan\summer-internship\W1G1\IAR_Exercises\Debug\List\ -lCN
#        C:\Users\Stefan\summer-internship\W1G1\IAR_Exercises\Debug\List\
#        --initializers_in_flash --no_cse --no_inline --no_code_motion
#        --no_cross_call --no_clustering --no_tbaa --debug -e
#        --no_system_include --eeprom_size 1024 --dlib --dlib_config
#        DLib_Config_Normal.h -On) --dependencies=n
#        C:\Users\Stefan\summer-internship\W1G1\IAR_Exercises\Debug\Obj\main.r90.iar_deps
#    Locale                =  C
#    List file             =
#        C:\Users\Stefan\summer-internship\W1G1\IAR_Exercises\Debug\List\main.lst
#    Object file           =
#        C:\Users\Stefan\summer-internship\W1G1\IAR_Exercises\Debug\Obj\main.r90
#    Runtime model:           
#      __64bit_doubles     =  disabled
#      __SystemLibrary     =  DLib
#      __architecture      =  *
#      __cpu               =  3
#      __cpu_name          =  ATmega324PB
#      __enhanced_core     =  enabled
#      __enhanced_core_mul =  enabled
#      __has_elpm          =  false
#      __memory_model      =  2
#      __mex               =  disabled
#      __rt_version        =  3
#      __vtable_memory     =  __nearflash
#
###############################################################################

C:\Users\Stefan\summer-internship\W1G1\IAR_Exercises\main.c
      1          
      2          
      3          #define max(a, b) (((a) > (b)) ? (a) : (b))
      4          #define average(c, d) ((c+d)/2)
      5          

   \                                 In  segment CODE, align 2, keep-with-next
      6          int main(void)
   \                     main:
      7          {
      8            
      9            int rez=max(2,3);
   \   00000000   E023               LDI     R18, 3
   \   00000002   E030               LDI     R19, 0
     10            int medie=average(rez,6);
   \   00000004   0189               MOVW    R17:R16, R19:R18
   \   00000006   5F0A               SUBI    R16, 250
   \   00000008   4F1F               SBCI    R17, 255
   \   0000000A   E042               LDI     R20, 2
   \   0000000C   E050               LDI     R21, 0
   \   0000000E   ........           CALL    ?SS_DIVMOD_L02
   \   00000012   01A8               MOVW    R21:R20, R17:R16
     11            return 0;
   \   00000014   E000               LDI     R16, 0
   \   00000016   E010               LDI     R17, 0
   \   00000018   9508               RET
     12            
     13          }

   Maximum stack usage in bytes:

   RSTACK Function
   ------ --------
      2   main
        2 ?SS_DIVMOD_L02


   Segment part sizes:

   Bytes  Function/Label
   -----  --------------
      26  main

 
 26 bytes in segment CODE
 
 26 bytes of CODE memory

Errors: none
Warnings: 1
