###############################################################################
#
# IAR C/C++ Compiler V8.10.3.1851/W64 for Microchip AVR   07/Jul/2026  22:27:05
# Copyright 1996-2025 IAR Systems AB.
# Evaluation license - IAR Embedded Workbench for Microchip AVR, Evaluation Version 8.10
#
#    Source file           =
#        C:\Users\Stefan\summer-internship\W1G1\IAR_Exercises\main.c
#    Command line          =
#        -f
#        C:\Users\Stefan\summer-internship\W1G1\IAR_Exercises\Debug\Obj\main.r90.rsp
#        (C:\Users\Stefan\summer-internship\W1G1\IAR_Exercises\main.c
#        --cpu=m324pb -ms -o
#        C:\Users\Stefan\summer-internship\W1G1\IAR_Exercises\Debug\Obj\
#        --preprocess
#        C:\Users\Stefan\summer-internship\W1G1\IAR_Exercises\Debug\List\ -lCN
#        C:\Users\Stefan\summer-internship\W1G1\IAR_Exercises\Debug\List\
#        --initializers_in_flash --no_cse --no_inline --no_code_motion
#        --no_cross_call --no_clustering --no_tbaa --debug -e
#        --no_system_include --eeprom_size 1024 --dlib --dlib_config
#        DLib_Config_Normal.h -On) --dependencies=n
#        C:\Users\Stefan\summer-internship\W1G1\IAR_Exercises\Debug\Obj\main.r90.iar_deps
#    Locale                =  C
#    List file             =
#        C:\Users\Stefan\summer-internship\W1G1\IAR_Exercises\Debug\List\main.lst
#    Object file           =
#        C:\Users\Stefan\summer-internship\W1G1\IAR_Exercises\Debug\Obj\main.r90
#    Runtime model:           
#      __64bit_doubles     =  disabled
#      __SystemLibrary     =  DLib
#      __architecture      =  *
#      __cpu               =  3
#      __cpu_name          =  ATmega324PB
#      __enhanced_core     =  enabled
#      __enhanced_core_mul =  enabled
#      __has_elpm          =  false
#      __memory_model      =  2
#      __mex               =  disabled
#      __rt_version        =  3
#      __vtable_memory     =  __nearflash
#
###############################################################################

C:\Users\Stefan\summer-internship\W1G1\IAR_Exercises\main.c
      1          
      2          

   \                                 In  segment CODE, align 2, keep-with-next
      3          int contor_apeluri(void)
   \                     contor_apeluri:
      4          {
      5              // O variabila statica locala este initializata o SINGURA data (la compilare).
      6             
      7              static int apeluri = 0; 
      8              
      9              apeluri++;
   \   00000000   ....               LDI     R30, LOW(??apeluri)
   \   00000002   ....               LDI     R31, (??apeluri) >> 8
   \   00000004   8100               LD      R16, Z
   \   00000006   8111               LDD     R17, Z+1
   \   00000008   5F0F               SUBI    R16, 255
   \   0000000A   4F1F               SBCI    R17, 255
   \   0000000C   8300               ST      Z, R16
   \   0000000E   8311               STD     Z+1, R17
     10              return apeluri;
   \   00000010   ....               LDI     R30, LOW(??apeluri)
   \   00000012   ....               LDI     R31, (??apeluri) >> 8
   \   00000014   8100               LD      R16, Z
   \   00000016   8111               LDD     R17, Z+1
   \   00000018   9508               RET
     11          }

   \                                 In  segment NEAR_Z, align 1, keep-with-next
   \   00000000                      REQUIRE `?<Segment init: NEAR_Z>`
   \                     ??apeluri:
   \   00000000                      DS8 2
     12          
     13          //volatile ii interzice compilatorului sa faca optimizari precum stocarea variabile intr-un registru mai rapid
     14          //astfel de fiecare daca cand se citeste se va citi de la adresa de memorie propri-zisa pentru a se asigura ca nicio intrerupere nu a modificat valoarea.

   \                                 In  segment NEAR_Z, align 1, keep-with-next
   \   00000000                      REQUIRE `?<Segment init: NEAR_Z>`
     15          volatile int senzor_hardware = 0; 
   \                     senzor_hardware:
   \   00000000                      DS8 2
     16          

   \                                 In  segment CODE, align 2, keep-with-next
     17          void simulare_intrerupere_hardware(void)
   \                     simulare_intrerupere_hardware:
     18          {
     19            //simulam un interrupt
     20              senzor_hardware++;
   \   00000000   ....               LDI     R30, LOW(senzor_hardware)
   \   00000002   ....               LDI     R31, (senzor_hardware) >> 8
   \   00000004   8100               LD      R16, Z
   \   00000006   8111               LDD     R17, Z+1
   \   00000008   5F0F               SUBI    R16, 255
   \   0000000A   4F1F               SBCI    R17, 255
   \   0000000C   8300               ST      Z, R16
   \   0000000E   8311               STD     Z+1, R17
     21          }
   \   00000010   9508               RET
     22          
     23          
     24          
     25          

   \                                 In  segment CODE, align 2, keep-with-next
     26          int main(void)
   \                     main:
     27          {
     28              // 'static' aici limiteaza vizibilitatea lui 'x '  doar la acest fisier
     29              static int x = 1; 
     30              
     31             
     32              for(int i = 0; i < 3; i++)
   \   00000000   E020               LDI     R18, 0
   \   00000002   E030               LDI     R19, 0
   \                     ??main_0:
   \   00000004   3023               CPI     R18, 3
   \   00000006   E000               LDI     R16, 0
   \   00000008   0730               CPC     R19, R16
   \   0000000A   F424               BRGE    ??main_1
     33              {
     34                
     35                  int nr_actual = contor_apeluri();
   \   0000000C   ....               RCALL   contor_apeluri
     36                 
     37              }
   \   0000000E   5F2F               SUBI    R18, 255
   \   00000010   4F3F               SBCI    R19, 255
   \   00000012   CFF8               RJMP    ??main_0
     38              
     39          
     40              
     41              
     42              simulare_intrerupere_hardware(); 
   \                     ??main_1:
   \   00000014   ....               RCALL   simulare_intrerupere_hardware
     43              
     44          
     45              
     46              return 0;
   \   00000016   E000               LDI     R16, 0
   \   00000018   E010               LDI     R17, 0
   \   0000001A   9508               RET
     47          }

   Maximum stack usage in bytes:

   RSTACK Function
   ------ --------
      2   contor_apeluri
      2   main
        2   -> contor_apeluri
        2   -> simulare_intrerupere_hardware
      2   simulare_intrerupere_hardware


   Segment part sizes:

   Bytes  Function/Label
   -----  --------------
       2  apeluri
      26  contor_apeluri
      28  main
       2  senzor_hardware
      18  simulare_intrerupere_hardware
       6  -- Other

 
 72 bytes in segment CODE
  6 bytes in segment INITTAB
  4 bytes in segment NEAR_Z
 
 72 bytes of CODE memory (+ 6 bytes shared)
  4 bytes of DATA memory

Errors: none
Warnings: 1
